
  .   ____          _            __ _ _
 /\\ / ___'_ __ _ _(_)_ __  __ _ \ \ \ \
( ( )\___ | '_ | '_| | '_ \/ _` | \ \ \ \
 \\/  ___)| |_)| | | | | || (_| |  ) ) ) )
  '  |____| .__|_| |_|_| |_\__, | / / / /
 =========|_|==============|___/=/_/_/_/

 :: Spring Boot ::                (v3.4.1)

2026-04-08T01:48:34.195+05:30  INFO 13628 --- [api-gateway] [           main] c.g.gateway.ApiGatewayApplication        : Starting ApiGatewayApplication v0.0.1-SNAPSHOT using Java 21.0.2 with PID 13628 (D:\Gradsync2.0\gradsync-backend\api-gateway\target\api-gateway-0.0.1-SNAPSHOT.jar started by LENOVO SMART in D:\Gradsync2.0\gradsync-backend\api-gateway)
2026-04-08T01:48:34.202+05:30  INFO 13628 --- [api-gateway] [           main] c.g.gateway.ApiGatewayApplication        : No active profile set, falling back to 1 default profile: "default"
2026-04-08T01:48:39.846+05:30  INFO 13628 --- [api-gateway] [           main] o.s.cloud.context.scope.GenericScope     : BeanFactory id=8cc91cc0-cee1-38f3-a8ec-695ace3776bd
2026-04-08T01:48:44.413+05:30  INFO 13628 --- [api-gateway] [           main] o.s.c.g.r.RouteDefinitionRouteLocator    : Loaded RoutePredicateFactory [After]
2026-04-08T01:48:44.414+05:30  INFO 13628 --- [api-gateway] [           main] o.s.c.g.r.RouteDefinitionRouteLocator    : Loaded RoutePredicateFactory [Before]
2026-04-08T01:48:44.415+05:30  INFO 13628 --- [api-gateway] [           main] o.s.c.g.r.RouteDefinitionRouteLocator    : Loaded RoutePredicateFactory [Between]
2026-04-08T01:48:44.417+05:30  INFO 13628 --- [api-gateway] [           main] o.s.c.g.r.RouteDefinitionRouteLocator    : Loaded RoutePredicateFactory [Cookie]
2026-04-08T01:48:44.417+05:30  INFO 13628 --- [api-gateway] [           main] o.s.c.g.r.RouteDefinitionRouteLocator    : Loaded RoutePredicateFactory [Header]
2026-04-08T01:48:44.418+05:30  INFO 13628 --- [api-gateway] [           main] o.s.c.g.r.RouteDefinitionRouteLocator    : Loaded RoutePredicateFactory [Host]
2026-04-08T01:48:44.419+05:30  INFO 13628 --- [api-gateway] [           main] o.s.c.g.r.RouteDefinitionRouteLocator    : Loaded RoutePredicateFactory [Method]
2026-04-08T01:48:44.422+05:30  INFO 13628 --- [api-gateway] [           main] o.s.c.g.r.RouteDefinitionRouteLocator    : Loaded RoutePredicateFactory [Path]
2026-04-08T01:48:44.423+05:30  INFO 13628 --- [api-gateway] [           main] o.s.c.g.r.RouteDefinitionRouteLocator    : Loaded RoutePredicateFactory [Query]
2026-04-08T01:48:44.425+05:30  INFO 13628 --- [api-gateway] [           main] o.s.c.g.r.RouteDefinitionRouteLocator    : Loaded RoutePredicateFactory [ReadBody]
2026-04-08T01:48:44.425+05:30  INFO 13628 --- [api-gateway] [           main] o.s.c.g.r.RouteDefinitionRouteLocator    : Loaded RoutePredicateFactory [RemoteAddr]
2026-04-08T01:48:44.426+05:30  INFO 13628 --- [api-gateway] [           main] o.s.c.g.r.RouteDefinitionRouteLocator    : Loaded RoutePredicateFactory [XForwardedRemoteAddr]
2026-04-08T01:48:44.426+05:30  INFO 13628 --- [api-gateway] [           main] o.s.c.g.r.RouteDefinitionRouteLocator    : Loaded RoutePredicateFactory [Weight]
2026-04-08T01:48:44.427+05:30  INFO 13628 --- [api-gateway] [           main] o.s.c.g.r.RouteDefinitionRouteLocator    : Loaded RoutePredicateFactory [CloudFoundryRouteService]
2026-04-08T01:48:45.343+05:30  INFO 13628 --- [api-gateway] [           main] o.s.b.a.e.web.EndpointLinksResolver      : Exposing 0 endpoints beneath base path '/actuator'
2026-04-08T01:48:47.935+05:30  INFO 13628 --- [api-gateway] [           main] o.s.b.web.embedded.netty.NettyWebServer  : Netty started on port 8080 (http)
2026-04-08T01:48:48.376+05:30  INFO 13628 --- [api-gateway] [           main] c.g.gateway.ApiGatewayApplication        : Started ApiGatewayApplication in 18.327 seconds (process running for 23.149)
2026-04-08T01:50:13.463+05:30 ERROR 13628 --- [api-gateway] [ctor-http-nio-2] a.w.r.e.AbstractErrorWebExceptionHandler : [cd1a8b50-1]  500 Server Error for HTTP GET "/api/v1/profiles/public/0b12630b-7405-4df4-a462-58ab11998a97"

java.net.UnknownHostException: Failed to resolve 'user-service' [A(1), AAAA(28)] after 4 queries 
	at io.netty.resolver.dns.DnsResolveContext.finishResolve(DnsResolveContext.java:1150) ~[netty-resolver-dns-4.1.116.Final.jar!/:4.1.116.Final]
	Suppressed: reactor.core.publisher.FluxOnAssembly$OnAssemblyException: 
Error has been observed at the following site(s):
	*__checkpoint ⇢ org.springframework.cloud.gateway.filter.WeightCalculatorWebFilter [DefaultWebFilterChain]
	*__checkpoint ⇢ HTTP GET "/api/v1/profiles/public/0b12630b-7405-4df4-a462-58ab11998a97" [ExceptionHandlingWebHandler]
Original Stack Trace:
		at io.netty.resolver.dns.DnsResolveContext.finishResolve(DnsResolveContext.java:1150) ~[netty-resolver-dns-4.1.116.Final.jar!/:4.1.116.Final]
		at io.netty.resolver.dns.DnsResolveContext.tryToFinishResolve(DnsResolveContext.java:1097) ~[netty-resolver-dns-4.1.116.Final.jar!/:4.1.116.Final]
		at io.netty.resolver.dns.DnsResolveContext.query(DnsResolveContext.java:455) ~[netty-resolver-dns-4.1.116.Final.jar!/:4.1.116.Final]
		at io.netty.resolver.dns.DnsResolveContext.onResponse(DnsResolveContext.java:686) ~[netty-resolver-dns-4.1.116.Final.jar!/:4.1.116.Final]
		at io.netty.resolver.dns.DnsResolveContext.access$500(DnsResolveContext.java:70) ~[netty-resolver-dns-4.1.116.Final.jar!/:4.1.116.Final]
		at io.netty.resolver.dns.DnsResolveContext$2.operationComplete(DnsResolveContext.java:513) ~[netty-resolver-dns-4.1.116.Final.jar!/:4.1.116.Final]
		at io.netty.util.concurrent.DefaultPromise.notifyListener0(DefaultPromise.java:590) ~[netty-common-4.1.116.Final.jar!/:4.1.116.Final]
		at io.netty.util.concurrent.DefaultPromise.notifyListeners0(DefaultPromise.java:583) ~[netty-common-4.1.116.Final.jar!/:4.1.116.Final]
		at io.netty.util.concurrent.DefaultPromise.notifyListenersNow(DefaultPromise.java:559) ~[netty-common-4.1.116.Final.jar!/:4.1.116.Final]
		at io.netty.util.concurrent.DefaultPromise.notifyListeners(DefaultPromise.java:492) ~[netty-common-4.1.116.Final.jar!/:4.1.116.Final]
		at io.netty.util.concurrent.DefaultPromise.setValue0(DefaultPromise.java:636) ~[netty-common-4.1.116.Final.jar!/:4.1.116.Final]
		at io.netty.util.concurrent.DefaultPromise.setSuccess0(DefaultPromise.java:625) ~[netty-common-4.1.116.Final.jar!/:4.1.116.Final]
		at io.netty.util.concurrent.DefaultPromise.trySuccess(DefaultPromise.java:105) ~[netty-common-4.1.116.Final.jar!/:4.1.116.Final]
		at io.netty.resolver.dns.DnsQueryContext.trySuccess(DnsQueryContext.java:308) ~[netty-resolver-dns-4.1.116.Final.jar!/:4.1.116.Final]
		at io.netty.resolver.dns.DnsQueryContext.finishSuccess(DnsQueryContext.java:299) ~[netty-resolver-dns-4.1.116.Final.jar!/:4.1.116.Final]
		at io.netty.resolver.dns.DnsNameResolver$DnsResponseHandler.channelRead(DnsNameResolver.java:1491) ~[netty-resolver-dns-4.1.116.Final.jar!/:4.1.116.Final]
		at io.netty.channel.AbstractChannelHandlerContext.invokeChannelRead(AbstractChannelHandlerContext.java:444) ~[netty-transport-4.1.116.Final.jar!/:4.1.116.Final]
		at io.netty.channel.AbstractChannelHandlerContext.invokeChannelRead(AbstractChannelHandlerContext.java:420) ~[netty-transport-4.1.116.Final.jar!/:4.1.116.Final]
		at io.netty.channel.AbstractChannelHandlerContext.fireChannelRead(AbstractChannelHandlerContext.java:412) ~[netty-transport-4.1.116.Final.jar!/:4.1.116.Final]
		at io.netty.handler.codec.MessageToMessageDecoder.channelRead(MessageToMessageDecoder.java:107) ~[netty-codec-4.1.116.Final.jar!/:4.1.116.Final]
		at io.netty.channel.AbstractChannelHandlerContext.invokeChannelRead(AbstractChannelHandlerContext.java:444) ~[netty-transport-4.1.116.Final.jar!/:4.1.116.Final]
		at io.netty.channel.AbstractChannelHandlerContext.invokeChannelRead(AbstractChannelHandlerContext.java:420) ~[netty-transport-4.1.116.Final.jar!/:4.1.116.Final]
		at io.netty.channel.AbstractChannelHandlerContext.fireChannelRead(AbstractChannelHandlerContext.java:412) ~[netty-transport-4.1.116.Final.jar!/:4.1.116.Final]
		at io.netty.channel.DefaultChannelPipeline$HeadContext.channelRead(DefaultChannelPipeline.java:1357) ~[netty-transport-4.1.116.Final.jar!/:4.1.116.Final]
		at io.netty.channel.AbstractChannelHandlerContext.invokeChannelRead(AbstractChannelHandlerContext.java:440) ~[netty-transport-4.1.116.Final.jar!/:4.1.116.Final]
		at io.netty.channel.AbstractChannelHandlerContext.invokeChannelRead(AbstractChannelHandlerContext.java:420) ~[netty-transport-4.1.116.Final.jar!/:4.1.116.Final]
		at io.netty.channel.DefaultChannelPipeline.fireChannelRead(DefaultChannelPipeline.java:868) ~[netty-transport-4.1.116.Final.jar!/:4.1.116.Final]
		at io.netty.channel.nio.AbstractNioMessageChannel$NioMessageUnsafe.read(AbstractNioMessageChannel.java:97) ~[netty-transport-4.1.116.Final.jar!/:4.1.116.Final]
		at io.netty.channel.nio.NioEventLoop.processSelectedKey(NioEventLoop.java:788) ~[netty-transport-4.1.116.Final.jar!/:4.1.116.Final]
		at io.netty.channel.nio.NioEventLoop.processSelectedKeysOptimized(NioEventLoop.java:724) ~[netty-transport-4.1.116.Final.jar!/:4.1.116.Final]
		at io.netty.channel.nio.NioEventLoop.processSelectedKeys(NioEventLoop.java:650) ~[netty-transport-4.1.116.Final.jar!/:4.1.116.Final]
		at io.netty.channel.nio.NioEventLoop.run(NioEventLoop.java:562) ~[netty-transport-4.1.116.Final.jar!/:4.1.116.Final]
		at io.netty.util.concurrent.SingleThreadEventExecutor$4.run(SingleThreadEventExecutor.java:997) ~[netty-common-4.1.116.Final.jar!/:4.1.116.Final]
		at io.netty.util.internal.ThreadExecutorMap$2.run(ThreadExecutorMap.java:74) ~[netty-common-4.1.116.Final.jar!/:4.1.116.Final]
		at io.netty.util.concurrent.FastThreadLocalRunnable.run(FastThreadLocalRunnable.java:30) ~[netty-common-4.1.116.Final.jar!/:4.1.116.Final]
		at java.base/java.lang.Thread.run(Thread.java:1583) ~[na:na]
Caused by: io.netty.resolver.dns.DnsErrorCauseException: Query failed with NXDOMAIN
	at io.netty.resolver.dns.DnsResolveContext.onResponse(..)(Unknown Source) ~[netty-resolver-dns-4.1.116.Final.jar!/:4.1.116.Final]

