
  .   ____          _            __ _ _
 /\\ / ___'_ __ _ _(_)_ __  __ _ \ \ \ \
( ( )\___ | '_ | '_| | '_ \/ _` | \ \ \ \
 \\/  ___)| |_)| | | | | || (_| |  ) ) ) )
  '  |____| .__|_| |_|_| |_\__, | / / / /
 =========|_|==============|___/=/_/_/_/

 :: Spring Boot ::                (v3.4.1)

2026-04-08T01:48:08.384+05:30  INFO 5932 --- [user-service] [           main] c.gradsync.user.UserServiceApplication   : Starting UserServiceApplication v0.0.1-SNAPSHOT using Java 21.0.2 with PID 5932 (D:\Gradsync2.0\gradsync-backend\user-service\target\user-service-0.0.1-SNAPSHOT.jar started by LENOVO SMART in D:\Gradsync2.0\gradsync-backend\user-service)
2026-04-08T01:48:08.394+05:30  INFO 5932 --- [user-service] [           main] c.gradsync.user.UserServiceApplication   : No active profile set, falling back to 1 default profile: "default"
2026-04-08T01:48:13.044+05:30  INFO 5932 --- [user-service] [           main] .s.d.r.c.RepositoryConfigurationDelegate : Bootstrapping Spring Data JPA repositories in DEFAULT mode.
2026-04-08T01:48:13.399+05:30  INFO 5932 --- [user-service] [           main] .s.d.r.c.RepositoryConfigurationDelegate : Finished Spring Data repository scanning in 305 ms. Found 3 JPA repository interfaces.
2026-04-08T01:48:15.254+05:30  INFO 5932 --- [user-service] [           main] o.s.b.w.embedded.tomcat.TomcatWebServer  : Tomcat initialized with port 8082 (http)
2026-04-08T01:48:15.303+05:30  INFO 5932 --- [user-service] [           main] o.apache.catalina.core.StandardService   : Starting service [Tomcat]
2026-04-08T01:48:15.304+05:30  INFO 5932 --- [user-service] [           main] o.apache.catalina.core.StandardEngine    : Starting Servlet engine: [Apache Tomcat/10.1.34]
2026-04-08T01:48:15.405+05:30  INFO 5932 --- [user-service] [           main] o.a.c.c.C.[Tomcat].[localhost].[/]       : Initializing Spring embedded WebApplicationContext
2026-04-08T01:48:15.407+05:30  INFO 5932 --- [user-service] [           main] w.s.c.ServletWebServerApplicationContext : Root WebApplicationContext: initialization completed in 6769 ms
2026-04-08T01:48:17.745+05:30  INFO 5932 --- [user-service] [           main] o.hibernate.jpa.internal.util.LogHelper  : HHH000204: Processing PersistenceUnitInfo [name: default]
2026-04-08T01:48:18.962+05:30  INFO 5932 --- [user-service] [           main] org.hibernate.Version                    : HHH000412: Hibernate ORM core version 6.6.4.Final
2026-04-08T01:48:19.110+05:30  INFO 5932 --- [user-service] [           main] o.h.c.internal.RegionFactoryInitiator    : HHH000026: Second-level cache disabled
2026-04-08T01:48:20.376+05:30  INFO 5932 --- [user-service] [           main] o.s.o.j.p.SpringPersistenceUnitInfo      : No LoadTimeWeaver setup: ignoring JPA class transformer
2026-04-08T01:48:20.492+05:30  INFO 5932 --- [user-service] [           main] com.zaxxer.hikari.HikariDataSource       : HikariPool-1 - Starting...
2026-04-08T01:48:22.237+05:30  INFO 5932 --- [user-service] [           main] com.zaxxer.hikari.pool.HikariPool        : HikariPool-1 - Added connection com.mysql.cj.jdbc.ConnectionImpl@5fde1d64
2026-04-08T01:48:22.242+05:30  INFO 5932 --- [user-service] [           main] com.zaxxer.hikari.HikariDataSource       : HikariPool-1 - Start completed.
2026-04-08T01:48:22.902+05:30  WARN 5932 --- [user-service] [           main] org.hibernate.orm.deprecation            : HHH90000025: MySQL8Dialect does not need to be specified explicitly using 'hibernate.dialect' (remove the property setting and it will be selected by default)
2026-04-08T01:48:22.904+05:30  WARN 5932 --- [user-service] [           main] org.hibernate.orm.deprecation            : HHH90000026: MySQL8Dialect has been deprecated; use org.hibernate.dialect.MySQLDialect instead
2026-04-08T01:48:22.995+05:30  INFO 5932 --- [user-service] [           main] org.hibernate.orm.connections.pooling    : HHH10001005: Database info:
	Database JDBC URL [Connecting through datasource 'HikariDataSource (HikariPool-1)']
	Database driver: undefined/unknown
	Database version: 8.0
	Autocommit mode: undefined/unknown
	Isolation level: undefined/unknown
	Minimum pool size: undefined/unknown
	Maximum pool size: undefined/unknown
2026-04-08T01:48:29.940+05:30  INFO 5932 --- [user-service] [           main] o.h.e.t.j.p.i.JtaPlatformInitiator       : HHH000489: No JTA platform available (set 'hibernate.transaction.jta.platform' to enable JTA platform integration)
Hibernate: 
    create table certifications (
        id bigint not null auto_increment,
        credential_url varchar(255),
        issue_date varchar(255),
        issuer varchar(255),
        name varchar(255) not null,
        user_id varchar(255) not null,
        primary key (id)
    ) engine=InnoDB
Hibernate: 
    create table profile_achievements (
        user_id varchar(255) not null,
        achievement varchar(255)
    ) engine=InnoDB
Hibernate: 
    create table profile_skills (
        user_id varchar(255) not null,
        skill varchar(255)
    ) engine=InnoDB
Hibernate: 
    create table profile_social_links (
        user_id varchar(255) not null,
        url varchar(255),
        platform varchar(255) not null,
        primary key (user_id, platform)
    ) engine=InnoDB
Hibernate: 
    create table projects (
        id bigint not null auto_increment,
        description TEXT,
        end_date varchar(255),
        project_url varchar(255),
        start_date varchar(255),
        title varchar(255) not null,
        user_id varchar(255) not null,
        primary key (id)
    ) engine=InnoDB
Hibernate: 
    alter table certifications 
       add constraint FK4vm7c58id0pncbkryeufhm2h6 
       foreign key (user_id) 
       references profiles (user_id)
Hibernate: 
    alter table profile_achievements 
       add constraint FKqvns6nrpjmdv1anitf15d7oul 
       foreign key (user_id) 
       references profiles (user_id)
Hibernate: 
    alter table profile_skills 
       add constraint FKp8x3y9stmaunorerabjiavge 
       foreign key (user_id) 
       references profiles (user_id)
Hibernate: 
    alter table profile_social_links 
       add constraint FKpcyb217ycjjuu2n4y6sdxa9nh 
       foreign key (user_id) 
       references profiles (user_id)
Hibernate: 
    alter table projects 
       add constraint FK4s5s5p69inq4fs5tg5q36a604 
       foreign key (user_id) 
       references profiles (user_id)
2026-04-08T01:48:54.040+05:30  INFO 5932 --- [user-service] [           main] j.LocalContainerEntityManagerFactoryBean : Initialized JPA EntityManagerFactory for persistence unit 'default'
2026-04-08T01:48:55.324+05:30  INFO 5932 --- [user-service] [           main] o.s.d.j.r.query.QueryEnhancerFactory     : Hibernate is in classpath; If applicable, HQL parser will be used.
2026-04-08T01:49:00.190+05:30  WARN 5932 --- [user-service] [           main] JpaBaseConfiguration$JpaWebConfiguration : spring.jpa.open-in-view is enabled by default. Therefore, database queries may be performed during view rendering. Explicitly configure spring.jpa.open-in-view to disable this warning
2026-04-08T01:49:05.466+05:30  INFO 5932 --- [user-service] [           main] o.s.b.w.embedded.tomcat.TomcatWebServer  : Tomcat started on port 8082 (http) with context path '/'
2026-04-08T01:49:05.639+05:30  INFO 5932 --- [user-service] [           main] c.gradsync.user.UserServiceApplication   : Started UserServiceApplication in 59.367 seconds (process running for 61.674)
Hibernate: 
    select
        uds1_0.id,
        uds1_0.created_at,
        uds1_0.last_completed_step,
        uds1_0.status,
        uds1_0.updated_at,
        uds1_0.user_id 
    from
        user_deletion_saga uds1_0 
    where
        uds1_0.status=?
Hibernate: 
    select
        uds1_0.id,
        uds1_0.created_at,
        uds1_0.last_completed_step,
        uds1_0.status,
        uds1_0.updated_at,
        uds1_0.user_id 
    from
        user_deletion_saga uds1_0 
    where
        uds1_0.status=?
2026-04-08T01:50:48.345+05:30  INFO 5932 --- [user-service] [nio-8082-exec-1] o.a.c.c.C.[Tomcat].[localhost].[/]       : Initializing Spring DispatcherServlet 'dispatcherServlet'
2026-04-08T01:50:48.347+05:30  INFO 5932 --- [user-service] [nio-8082-exec-1] o.s.web.servlet.DispatcherServlet        : Initializing Servlet 'dispatcherServlet'
2026-04-08T01:50:48.350+05:30  INFO 5932 --- [user-service] [nio-8082-exec-1] o.s.web.servlet.DispatcherServlet        : Completed initialization in 2 ms
Hibernate: 
    select
        p1_0.user_id,
        p1_0.batch_year,
        p1_0.bio,
        p1_0.branch,
        p1_0.created_at,
        p1_0.first_name,
        p1_0.headline,
        p1_0.is_deleted,
        p1_0.is_verified,
        p1_0.last_name,
        p1_0.location,
        p1_0.profile_image_url,
        p1_0.role,
        p1_0.updated_at 
    from
        profiles p1_0 
    where
        p1_0.user_id=?
Hibernate: 
    select
        e1_0.user_id,
        e1_0.id,
        e1_0.company_name,
        e1_0.description,
        e1_0.designation,
        e1_0.end_date,
        e1_0.is_current,
        e1_0.location,
        e1_0.start_date 
    from
        experiences e1_0 
    where
        e1_0.user_id=?
Hibernate: 
    select
        e1_0.user_id,
        e1_0.id,
        e1_0.degree,
        e1_0.end_date,
        e1_0.expected_graduation_year,
        e1_0.field_of_study,
        e1_0.institution_name,
        e1_0.is_current,
        e1_0.start_date 
    from
        education e1_0 
    where
        e1_0.user_id=?
Hibernate: 
    select
        p1_0.user_id,
        p1_0.id,
        p1_0.description,
        p1_0.end_date,
        p1_0.project_url,
        p1_0.start_date,
        p1_0.title 
    from
        projects p1_0 
    where
        p1_0.user_id=?
Hibernate: 
    select
        c1_0.user_id,
        c1_0.id,
        c1_0.credential_url,
        c1_0.issue_date,
        c1_0.issuer,
        c1_0.name 
    from
        certifications c1_0 
    where
        c1_0.user_id=?
Hibernate: 
    select
        s1_0.user_id,
        s1_0.skill 
    from
        profile_skills s1_0 
    where
        s1_0.user_id=?
Hibernate: 
    select
        a1_0.user_id,
        a1_0.achievement 
    from
        profile_achievements a1_0 
    where
        a1_0.user_id=?
Hibernate: 
    select
        sl1_0.user_id,
        sl1_0.platform,
        sl1_0.url 
    from
        profile_social_links sl1_0 
    where
        sl1_0.user_id=?
Hibernate: 
    select
        uds1_0.id,
        uds1_0.created_at,
        uds1_0.last_completed_step,
        uds1_0.status,
        uds1_0.updated_at,
        uds1_0.user_id 
    from
        user_deletion_saga uds1_0 
    where
        uds1_0.status=?
